#-----------------------------------------------------------
# Vivado v2024.2 (64-bit)
# SW Build 5239630 on Fri Nov 08 22:35:27 MST 2024
# IP Build 5239520 on Sun Nov 10 16:12:51 MST 2024
# SharedData Build 5239561 on Fri Nov 08 14:39:27 MST 2024
# Start of session at: Thu May  8 11:57:04 2025
# Process ID         : 26232
# Current directory  : M:/College/BTP/Vivado_Simulations/RISC_V Core/project_1/project_1.runs/synth_1
# Command line       : vivado.exe -log RISC_V_Top.vds -product Vivado -mode batch -messageDb vivado.pb -notrace -source RISC_V_Top.tcl
# Log file           : M:/College/BTP/Vivado_Simulations/RISC_V Core/project_1/project_1.runs/synth_1/RISC_V_Top.vds
# Journal file       : M:/College/BTP/Vivado_Simulations/RISC_V Core/project_1/project_1.runs/synth_1\vivado.jou
# Running On         : Mohit
# Platform           : Windows Server 2016 or Windows 10
# Operating System   : 26100
# Processor Detail   : AMD Ryzen 7 5800H with Radeon Graphics         
# CPU Frequency      : 3194 MHz
# CPU Physical cores : 8
# CPU Logical cores  : 16
# Host memory        : 7886 MB
# Swap memory        : 17877 MB
# Total Virtual      : 25763 MB
# Available Virtual  : 2824 MB
#-----------------------------------------------------------
source RISC_V_Top.tcl -notrace
